Analysis & Synthesis report for sqrt
Wed Oct 04 20:34:22 2017
Quartus Prime Version 16.1.0 Build 196 10/24/2016 SJ Lite Edition


---------------------
; Table of Contents ;
---------------------
  1. Legal Notice
  2. Analysis & Synthesis Summary
  3. Analysis & Synthesis Settings
  4. Parallel Compilation
  5. Analysis & Synthesis Source Files Read
  6. Analysis & Synthesis Resource Usage Summary
  7. Analysis & Synthesis Resource Utilization by Entity
  8. General Register Statistics
  9. Source assignments for altsqrt:ALTSQRT_component|dffpipe:a_delay
 10. Source assignments for altsqrt:ALTSQRT_component|dffpipe:b_dffe[16]
 11. Source assignments for altsqrt:ALTSQRT_component|dffpipe:b_dffe[15]
 12. Source assignments for altsqrt:ALTSQRT_component|dffpipe:b_dffe[14]
 13. Source assignments for altsqrt:ALTSQRT_component|dffpipe:b_dffe[13]
 14. Source assignments for altsqrt:ALTSQRT_component|dffpipe:b_dffe[12]
 15. Source assignments for altsqrt:ALTSQRT_component|dffpipe:b_dffe[11]
 16. Source assignments for altsqrt:ALTSQRT_component|dffpipe:b_dffe[10]
 17. Source assignments for altsqrt:ALTSQRT_component|dffpipe:b_dffe[9]
 18. Source assignments for altsqrt:ALTSQRT_component|dffpipe:b_dffe[8]
 19. Source assignments for altsqrt:ALTSQRT_component|dffpipe:b_dffe[7]
 20. Source assignments for altsqrt:ALTSQRT_component|dffpipe:b_dffe[6]
 21. Source assignments for altsqrt:ALTSQRT_component|dffpipe:b_dffe[5]
 22. Source assignments for altsqrt:ALTSQRT_component|dffpipe:b_dffe[4]
 23. Source assignments for altsqrt:ALTSQRT_component|dffpipe:b_dffe[3]
 24. Source assignments for altsqrt:ALTSQRT_component|dffpipe:b_dffe[2]
 25. Source assignments for altsqrt:ALTSQRT_component|dffpipe:b_dffe[1]
 26. Source assignments for altsqrt:ALTSQRT_component|dffpipe:b_dffe[0]
 27. Source assignments for altsqrt:ALTSQRT_component|dffpipe:r_dffe[16]
 28. Source assignments for altsqrt:ALTSQRT_component|dffpipe:r_dffe[15]
 29. Source assignments for altsqrt:ALTSQRT_component|dffpipe:r_dffe[14]
 30. Source assignments for altsqrt:ALTSQRT_component|dffpipe:r_dffe[13]
 31. Source assignments for altsqrt:ALTSQRT_component|dffpipe:r_dffe[12]
 32. Source assignments for altsqrt:ALTSQRT_component|dffpipe:r_dffe[11]
 33. Source assignments for altsqrt:ALTSQRT_component|dffpipe:r_dffe[10]
 34. Source assignments for altsqrt:ALTSQRT_component|dffpipe:r_dffe[9]
 35. Source assignments for altsqrt:ALTSQRT_component|dffpipe:r_dffe[8]
 36. Source assignments for altsqrt:ALTSQRT_component|dffpipe:r_dffe[7]
 37. Source assignments for altsqrt:ALTSQRT_component|dffpipe:r_dffe[6]
 38. Source assignments for altsqrt:ALTSQRT_component|dffpipe:r_dffe[5]
 39. Source assignments for altsqrt:ALTSQRT_component|dffpipe:r_dffe[4]
 40. Source assignments for altsqrt:ALTSQRT_component|dffpipe:r_dffe[3]
 41. Source assignments for altsqrt:ALTSQRT_component|dffpipe:r_dffe[2]
 42. Source assignments for altsqrt:ALTSQRT_component|dffpipe:r_dffe[1]
 43. Source assignments for altsqrt:ALTSQRT_component|dffpipe:r_dffe[0]
 44. Source assignments for altsqrt:ALTSQRT_component|dffpipe:q_final_dff
 45. Source assignments for altsqrt:ALTSQRT_component|dffpipe:r_final_dff
 46. Parameter Settings for User Entity Instance: altsqrt:ALTSQRT_component
 47. Post-Synthesis Netlist Statistics for Top Partition
 48. Elapsed Time Per Partition
 49. Analysis & Synthesis Messages



----------------
; Legal Notice ;
----------------
Copyright (C) 2016  Intel Corporation. All rights reserved.
Your use of Intel Corporation's design tools, logic functions 
and other software and tools, and its AMPP partner logic 
functions, and any output files from any of the foregoing 
(including device programming or simulation files), and any 
associated documentation or information are expressly subject 
to the terms and conditions of the Intel Program License 
Subscription Agreement, the Intel Quartus Prime License Agreement,
the Intel MegaCore Function License Agreement, or other 
applicable license agreement, including, without limitation, 
that your use is for the sole purpose of programming logic 
devices manufactured by Intel and sold by Intel or its 
authorized distributors.  Please refer to the applicable 
agreement for further details.



+----------------------------------------------------------------------------------+
; Analysis & Synthesis Summary                                                     ;
+------------------------------------+---------------------------------------------+
; Analysis & Synthesis Status        ; Successful - Wed Oct 04 20:34:22 2017       ;
; Quartus Prime Version              ; 16.1.0 Build 196 10/24/2016 SJ Lite Edition ;
; Revision Name                      ; sqrt                                        ;
; Top-level Entity Name              ; sqrt                                        ;
; Family                             ; Cyclone IV E                                ;
; Total logic elements               ; 362                                         ;
;     Total combinational functions  ; 362                                         ;
;     Dedicated logic registers      ; 0                                           ;
; Total registers                    ; 0                                           ;
; Total pins                         ; 68                                          ;
; Total virtual pins                 ; 0                                           ;
; Total memory bits                  ; 0                                           ;
; Embedded Multiplier 9-bit elements ; 0                                           ;
; Total PLLs                         ; 0                                           ;
+------------------------------------+---------------------------------------------+


+----------------------------------------------------------------------------------------------------------------------+
; Analysis & Synthesis Settings                                                                                        ;
+----------------------------------------------------------------------------+--------------------+--------------------+
; Option                                                                     ; Setting            ; Default Value      ;
+----------------------------------------------------------------------------+--------------------+--------------------+
; Top-level entity name                                                      ; sqrt               ; sqrt               ;
; Family name                                                                ; Cyclone IV E       ; Cyclone V          ;
; Use smart compilation                                                      ; Off                ; Off                ;
; Enable parallel Assembler and TimeQuest Timing Analyzer during compilation ; On                 ; On                 ;
; Enable compact report table                                                ; Off                ; Off                ;
; Restructure Multiplexers                                                   ; Auto               ; Auto               ;
; Create Debugging Nodes for IP Cores                                        ; Off                ; Off                ;
; Preserve fewer node names                                                  ; On                 ; On                 ;
; OpenCore Plus hardware evaluation                                          ; Enable             ; Enable             ;
; Verilog Version                                                            ; Verilog_2001       ; Verilog_2001       ;
; VHDL Version                                                               ; VHDL_1993          ; VHDL_1993          ;
; State Machine Processing                                                   ; Auto               ; Auto               ;
; Safe State Machine                                                         ; Off                ; Off                ;
; Extract Verilog State Machines                                             ; On                 ; On                 ;
; Extract VHDL State Machines                                                ; On                 ; On                 ;
; Ignore Verilog initial constructs                                          ; Off                ; Off                ;
; Iteration limit for constant Verilog loops                                 ; 5000               ; 5000               ;
; Iteration limit for non-constant Verilog loops                             ; 250                ; 250                ;
; Add Pass-Through Logic to Inferred RAMs                                    ; On                 ; On                 ;
; Infer RAMs from Raw Logic                                                  ; On                 ; On                 ;
; Parallel Synthesis                                                         ; On                 ; On                 ;
; DSP Block Balancing                                                        ; Auto               ; Auto               ;
; NOT Gate Push-Back                                                         ; On                 ; On                 ;
; Power-Up Don't Care                                                        ; On                 ; On                 ;
; Remove Redundant Logic Cells                                               ; Off                ; Off                ;
; Remove Duplicate Registers                                                 ; On                 ; On                 ;
; Ignore CARRY Buffers                                                       ; Off                ; Off                ;
; Ignore CASCADE Buffers                                                     ; Off                ; Off                ;
; Ignore GLOBAL Buffers                                                      ; Off                ; Off                ;
; Ignore ROW GLOBAL Buffers                                                  ; Off                ; Off                ;
; Ignore LCELL Buffers                                                       ; Off                ; Off                ;
; Ignore SOFT Buffers                                                        ; On                 ; On                 ;
; Limit AHDL Integers to 32 Bits                                             ; Off                ; Off                ;
; Optimization Technique                                                     ; Balanced           ; Balanced           ;
; Carry Chain Length                                                         ; 70                 ; 70                 ;
; Auto Carry Chains                                                          ; On                 ; On                 ;
; Auto Open-Drain Pins                                                       ; On                 ; On                 ;
; Perform WYSIWYG Primitive Resynthesis                                      ; Off                ; Off                ;
; Auto ROM Replacement                                                       ; On                 ; On                 ;
; Auto RAM Replacement                                                       ; On                 ; On                 ;
; Auto DSP Block Replacement                                                 ; On                 ; On                 ;
; Auto Shift Register Replacement                                            ; Auto               ; Auto               ;
; Allow Shift Register Merging across Hierarchies                            ; Auto               ; Auto               ;
; Auto Clock Enable Replacement                                              ; On                 ; On                 ;
; Strict RAM Replacement                                                     ; Off                ; Off                ;
; Allow Synchronous Control Signals                                          ; On                 ; On                 ;
; Force Use of Synchronous Clear Signals                                     ; Off                ; Off                ;
; Auto RAM Block Balancing                                                   ; On                 ; On                 ;
; Auto RAM to Logic Cell Conversion                                          ; Off                ; Off                ;
; Auto Resource Sharing                                                      ; Off                ; Off                ;
; Allow Any RAM Size For Recognition                                         ; Off                ; Off                ;
; Allow Any ROM Size For Recognition                                         ; Off                ; Off                ;
; Allow Any Shift Register Size For Recognition                              ; Off                ; Off                ;
; Use LogicLock Constraints during Resource Balancing                        ; On                 ; On                 ;
; Ignore translate_off and synthesis_off directives                          ; Off                ; Off                ;
; Timing-Driven Synthesis                                                    ; On                 ; On                 ;
; Report Parameter Settings                                                  ; On                 ; On                 ;
; Report Source Assignments                                                  ; On                 ; On                 ;
; Report Connectivity Checks                                                 ; On                 ; On                 ;
; Ignore Maximum Fan-Out Assignments                                         ; Off                ; Off                ;
; Synchronization Register Chain Length                                      ; 2                  ; 2                  ;
; PowerPlay Power Optimization During Synthesis                              ; Normal compilation ; Normal compilation ;
; HDL message level                                                          ; Level2             ; Level2             ;
; Suppress Register Optimization Related Messages                            ; Off                ; Off                ;
; Number of Removed Registers Reported in Synthesis Report                   ; 5000               ; 5000               ;
; Number of Swept Nodes Reported in Synthesis Report                         ; 5000               ; 5000               ;
; Number of Inverted Registers Reported in Synthesis Report                  ; 100                ; 100                ;
; Clock MUX Protection                                                       ; On                 ; On                 ;
; Auto Gated Clock Conversion                                                ; Off                ; Off                ;
; Block Design Naming                                                        ; Auto               ; Auto               ;
; SDC constraint protection                                                  ; Off                ; Off                ;
; Synthesis Effort                                                           ; Auto               ; Auto               ;
; Shift Register Replacement - Allow Asynchronous Clear Signal               ; On                 ; On                 ;
; Pre-Mapping Resynthesis Optimization                                       ; Off                ; Off                ;
; Analysis & Synthesis Message Level                                         ; Medium             ; Medium             ;
; Disable Register Merging Across Hierarchies                                ; Auto               ; Auto               ;
; Resource Aware Inference For Block RAM                                     ; On                 ; On                 ;
+----------------------------------------------------------------------------+--------------------+--------------------+


+------------------------------------------+
; Parallel Compilation                     ;
+----------------------------+-------------+
; Processors                 ; Number      ;
+----------------------------+-------------+
; Number detected on machine ; 8           ;
; Maximum allowed            ; 4           ;
;                            ;             ;
; Average used               ; 1.00        ;
; Maximum used               ; 1           ;
;                            ;             ;
; Usage by Processor         ; % Time Used ;
;     Processor 1            ; 100.0%      ;
+----------------------------+-------------+


+------------------------------------------------------------------------------------------------------------------------------------------------------------------------------+
; Analysis & Synthesis Source Files Read                                                                                                                                       ;
+----------------------------------+-----------------+------------------------------+--------------------------------------------------------------------------------+---------+
; File Name with User-Entered Path ; Used in Netlist ; File Type                    ; File Name with Absolute Path                                                   ; Library ;
+----------------------------------+-----------------+------------------------------+--------------------------------------------------------------------------------+---------+
; sqrt.vhd                         ; yes             ; User Wizard-Generated File   ; D:/FPGA/DE2_sound/DE2_Audio_FFT/MATH/greybox_tmp/sqrt.vhd                      ;         ;
; altsqrt.tdf                      ; yes             ; Megafunction                 ; d:/intelfpga_lite/16.1/quartus/libraries/megafunctions/altsqrt.tdf             ;         ;
; lpm_add_sub.inc                  ; yes             ; Megafunction                 ; d:/intelfpga_lite/16.1/quartus/libraries/megafunctions/lpm_add_sub.inc         ;         ;
; dffpipe.inc                      ; yes             ; Megafunction                 ; d:/intelfpga_lite/16.1/quartus/libraries/megafunctions/dffpipe.inc             ;         ;
; lpm_add_sub.tdf                  ; yes             ; Megafunction                 ; d:/intelfpga_lite/16.1/quartus/libraries/megafunctions/lpm_add_sub.tdf         ;         ;
; addcore.inc                      ; yes             ; Megafunction                 ; d:/intelfpga_lite/16.1/quartus/libraries/megafunctions/addcore.inc             ;         ;
; look_add.inc                     ; yes             ; Megafunction                 ; d:/intelfpga_lite/16.1/quartus/libraries/megafunctions/look_add.inc            ;         ;
; bypassff.inc                     ; yes             ; Megafunction                 ; d:/intelfpga_lite/16.1/quartus/libraries/megafunctions/bypassff.inc            ;         ;
; altshift.inc                     ; yes             ; Megafunction                 ; d:/intelfpga_lite/16.1/quartus/libraries/megafunctions/altshift.inc            ;         ;
; alt_stratix_add_sub.inc          ; yes             ; Megafunction                 ; d:/intelfpga_lite/16.1/quartus/libraries/megafunctions/alt_stratix_add_sub.inc ;         ;
; aglobal161.inc                   ; yes             ; Megafunction                 ; d:/intelfpga_lite/16.1/quartus/libraries/megafunctions/aglobal161.inc          ;         ;
; db/add_sub_0rc.tdf               ; yes             ; Auto-Generated Megafunction  ; D:/FPGA/DE2_sound/DE2_Audio_FFT/MATH/greybox_tmp/db/add_sub_0rc.tdf            ;         ;
; db/add_sub_vqc.tdf               ; yes             ; Auto-Generated Megafunction  ; D:/FPGA/DE2_sound/DE2_Audio_FFT/MATH/greybox_tmp/db/add_sub_vqc.tdf            ;         ;
; db/add_sub_uqc.tdf               ; yes             ; Auto-Generated Megafunction  ; D:/FPGA/DE2_sound/DE2_Audio_FFT/MATH/greybox_tmp/db/add_sub_uqc.tdf            ;         ;
; db/add_sub_tqc.tdf               ; yes             ; Auto-Generated Megafunction  ; D:/FPGA/DE2_sound/DE2_Audio_FFT/MATH/greybox_tmp/db/add_sub_tqc.tdf            ;         ;
; db/add_sub_sqc.tdf               ; yes             ; Auto-Generated Megafunction  ; D:/FPGA/DE2_sound/DE2_Audio_FFT/MATH/greybox_tmp/db/add_sub_sqc.tdf            ;         ;
; db/add_sub_rqc.tdf               ; yes             ; Auto-Generated Megafunction  ; D:/FPGA/DE2_sound/DE2_Audio_FFT/MATH/greybox_tmp/db/add_sub_rqc.tdf            ;         ;
; db/add_sub_qqc.tdf               ; yes             ; Auto-Generated Megafunction  ; D:/FPGA/DE2_sound/DE2_Audio_FFT/MATH/greybox_tmp/db/add_sub_qqc.tdf            ;         ;
; db/add_sub_pqc.tdf               ; yes             ; Auto-Generated Megafunction  ; D:/FPGA/DE2_sound/DE2_Audio_FFT/MATH/greybox_tmp/db/add_sub_pqc.tdf            ;         ;
; db/add_sub_oqc.tdf               ; yes             ; Auto-Generated Megafunction  ; D:/FPGA/DE2_sound/DE2_Audio_FFT/MATH/greybox_tmp/db/add_sub_oqc.tdf            ;         ;
; db/add_sub_nqc.tdf               ; yes             ; Auto-Generated Megafunction  ; D:/FPGA/DE2_sound/DE2_Audio_FFT/MATH/greybox_tmp/db/add_sub_nqc.tdf            ;         ;
; db/add_sub_fpc.tdf               ; yes             ; Auto-Generated Megafunction  ; D:/FPGA/DE2_sound/DE2_Audio_FFT/MATH/greybox_tmp/db/add_sub_fpc.tdf            ;         ;
; db/add_sub_epc.tdf               ; yes             ; Auto-Generated Megafunction  ; D:/FPGA/DE2_sound/DE2_Audio_FFT/MATH/greybox_tmp/db/add_sub_epc.tdf            ;         ;
; db/add_sub_dpc.tdf               ; yes             ; Auto-Generated Megafunction  ; D:/FPGA/DE2_sound/DE2_Audio_FFT/MATH/greybox_tmp/db/add_sub_dpc.tdf            ;         ;
; db/add_sub_cpc.tdf               ; yes             ; Auto-Generated Megafunction  ; D:/FPGA/DE2_sound/DE2_Audio_FFT/MATH/greybox_tmp/db/add_sub_cpc.tdf            ;         ;
; db/add_sub_bpc.tdf               ; yes             ; Auto-Generated Megafunction  ; D:/FPGA/DE2_sound/DE2_Audio_FFT/MATH/greybox_tmp/db/add_sub_bpc.tdf            ;         ;
; db/add_sub_apc.tdf               ; yes             ; Auto-Generated Megafunction  ; D:/FPGA/DE2_sound/DE2_Audio_FFT/MATH/greybox_tmp/db/add_sub_apc.tdf            ;         ;
; db/add_sub_8pc.tdf               ; yes             ; Auto-Generated Megafunction  ; D:/FPGA/DE2_sound/DE2_Audio_FFT/MATH/greybox_tmp/db/add_sub_8pc.tdf            ;         ;
; dffpipe.tdf                      ; yes             ; Megafunction                 ; d:/intelfpga_lite/16.1/quartus/libraries/megafunctions/dffpipe.tdf             ;         ;
+----------------------------------+-----------------+------------------------------+--------------------------------------------------------------------------------+---------+


+--------------------------------------------------------------------------------------------------------------------------------------+
; Analysis & Synthesis Resource Usage Summary                                                                                          ;
+---------------------------------------------+----------------------------------------------------------------------------------------+
; Resource                                    ; Usage                                                                                  ;
+---------------------------------------------+----------------------------------------------------------------------------------------+
; Estimated Total logic elements              ; 362                                                                                    ;
;                                             ;                                                                                        ;
; Total combinational functions               ; 362                                                                                    ;
; Logic element usage by number of LUT inputs ;                                                                                        ;
;     -- 4 input functions                    ; 14                                                                                     ;
;     -- 3 input functions                    ; 274                                                                                    ;
;     -- <=2 input functions                  ; 74                                                                                     ;
;                                             ;                                                                                        ;
; Logic elements by mode                      ;                                                                                        ;
;     -- normal mode                          ; 183                                                                                    ;
;     -- arithmetic mode                      ; 179                                                                                    ;
;                                             ;                                                                                        ;
; Total registers                             ; 0                                                                                      ;
;     -- Dedicated logic registers            ; 0                                                                                      ;
;     -- I/O registers                        ; 0                                                                                      ;
;                                             ;                                                                                        ;
; I/O pins                                    ; 68                                                                                     ;
;                                             ;                                                                                        ;
; Embedded Multiplier 9-bit elements          ; 0                                                                                      ;
;                                             ;                                                                                        ;
; Maximum fan-out node                        ; altsqrt:ALTSQRT_component|lpm_add_sub:subtractors[2]|add_sub_bpc:auto_generated|op_1~8 ;
; Maximum fan-out                             ; 20                                                                                     ;
; Total fan-out                               ; 1099                                                                                   ;
; Average fan-out                             ; 2.21                                                                                   ;
+---------------------------------------------+----------------------------------------------------------------------------------------+


+----------------------------------------------------------------------------------------------------------------------------------------------------------------------------------------------------------------------------------------------------------------------------------------+
; Analysis & Synthesis Resource Utilization by Entity                                                                                                                                                                                                                                    ;
+---------------------------------------+---------------------+---------------------------+-------------+--------------+---------+-----------+------+--------------+----------------------------------------------------------------------------------------+-------------+--------------+
; Compilation Hierarchy Node            ; Combinational ALUTs ; Dedicated Logic Registers ; Memory Bits ; DSP Elements ; DSP 9x9 ; DSP 18x18 ; Pins ; Virtual Pins ; Full Hierarchy Name                                                                    ; Entity Name ; Library Name ;
+---------------------------------------+---------------------+---------------------------+-------------+--------------+---------+-----------+------+--------------+----------------------------------------------------------------------------------------+-------------+--------------+
; |sqrt                                 ; 362 (0)             ; 0 (0)                     ; 0           ; 0            ; 0       ; 0         ; 68   ; 0            ; |sqrt                                                                                  ; sqrt        ; work         ;
;    |altsqrt:ALTSQRT_component|        ; 362 (167)           ; 0 (0)                     ; 0           ; 0            ; 0       ; 0         ; 0    ; 0            ; |sqrt|altsqrt:ALTSQRT_component                                                        ; altsqrt     ; work         ;
;       |lpm_add_sub:subtractors[10]|   ; 14 (0)              ; 0 (0)                     ; 0           ; 0            ; 0       ; 0         ; 0    ; 0            ; |sqrt|altsqrt:ALTSQRT_component|lpm_add_sub:subtractors[10]                            ; lpm_add_sub ; work         ;
;          |add_sub_qqc:auto_generated| ; 14 (14)             ; 0 (0)                     ; 0           ; 0            ; 0       ; 0         ; 0    ; 0            ; |sqrt|altsqrt:ALTSQRT_component|lpm_add_sub:subtractors[10]|add_sub_qqc:auto_generated ; add_sub_qqc ; work         ;
;       |lpm_add_sub:subtractors[11]|   ; 15 (0)              ; 0 (0)                     ; 0           ; 0            ; 0       ; 0         ; 0    ; 0            ; |sqrt|altsqrt:ALTSQRT_component|lpm_add_sub:subtractors[11]                            ; lpm_add_sub ; work         ;
;          |add_sub_rqc:auto_generated| ; 15 (15)             ; 0 (0)                     ; 0           ; 0            ; 0       ; 0         ; 0    ; 0            ; |sqrt|altsqrt:ALTSQRT_component|lpm_add_sub:subtractors[11]|add_sub_rqc:auto_generated ; add_sub_rqc ; work         ;
;       |lpm_add_sub:subtractors[12]|   ; 16 (0)              ; 0 (0)                     ; 0           ; 0            ; 0       ; 0         ; 0    ; 0            ; |sqrt|altsqrt:ALTSQRT_component|lpm_add_sub:subtractors[12]                            ; lpm_add_sub ; work         ;
;          |add_sub_sqc:auto_generated| ; 16 (16)             ; 0 (0)                     ; 0           ; 0            ; 0       ; 0         ; 0    ; 0            ; |sqrt|altsqrt:ALTSQRT_component|lpm_add_sub:subtractors[12]|add_sub_sqc:auto_generated ; add_sub_sqc ; work         ;
;       |lpm_add_sub:subtractors[13]|   ; 17 (0)              ; 0 (0)                     ; 0           ; 0            ; 0       ; 0         ; 0    ; 0            ; |sqrt|altsqrt:ALTSQRT_component|lpm_add_sub:subtractors[13]                            ; lpm_add_sub ; work         ;
;          |add_sub_tqc:auto_generated| ; 17 (17)             ; 0 (0)                     ; 0           ; 0            ; 0       ; 0         ; 0    ; 0            ; |sqrt|altsqrt:ALTSQRT_component|lpm_add_sub:subtractors[13]|add_sub_tqc:auto_generated ; add_sub_tqc ; work         ;
;       |lpm_add_sub:subtractors[14]|   ; 18 (0)              ; 0 (0)                     ; 0           ; 0            ; 0       ; 0         ; 0    ; 0            ; |sqrt|altsqrt:ALTSQRT_component|lpm_add_sub:subtractors[14]                            ; lpm_add_sub ; work         ;
;          |add_sub_uqc:auto_generated| ; 18 (18)             ; 0 (0)                     ; 0           ; 0            ; 0       ; 0         ; 0    ; 0            ; |sqrt|altsqrt:ALTSQRT_component|lpm_add_sub:subtractors[14]|add_sub_uqc:auto_generated ; add_sub_uqc ; work         ;
;       |lpm_add_sub:subtractors[15]|   ; 19 (0)              ; 0 (0)                     ; 0           ; 0            ; 0       ; 0         ; 0    ; 0            ; |sqrt|altsqrt:ALTSQRT_component|lpm_add_sub:subtractors[15]                            ; lpm_add_sub ; work         ;
;          |add_sub_vqc:auto_generated| ; 19 (19)             ; 0 (0)                     ; 0           ; 0            ; 0       ; 0         ; 0    ; 0            ; |sqrt|altsqrt:ALTSQRT_component|lpm_add_sub:subtractors[15]|add_sub_vqc:auto_generated ; add_sub_vqc ; work         ;
;       |lpm_add_sub:subtractors[16]|   ; 20 (0)              ; 0 (0)                     ; 0           ; 0            ; 0       ; 0         ; 0    ; 0            ; |sqrt|altsqrt:ALTSQRT_component|lpm_add_sub:subtractors[16]                            ; lpm_add_sub ; work         ;
;          |add_sub_0rc:auto_generated| ; 20 (20)             ; 0 (0)                     ; 0           ; 0            ; 0       ; 0         ; 0    ; 0            ; |sqrt|altsqrt:ALTSQRT_component|lpm_add_sub:subtractors[16]|add_sub_0rc:auto_generated ; add_sub_0rc ; work         ;
;       |lpm_add_sub:subtractors[1]|    ; 1 (0)               ; 0 (0)                     ; 0           ; 0            ; 0       ; 0         ; 0    ; 0            ; |sqrt|altsqrt:ALTSQRT_component|lpm_add_sub:subtractors[1]                             ; lpm_add_sub ; work         ;
;          |add_sub_apc:auto_generated| ; 1 (1)               ; 0 (0)                     ; 0           ; 0            ; 0       ; 0         ; 0    ; 0            ; |sqrt|altsqrt:ALTSQRT_component|lpm_add_sub:subtractors[1]|add_sub_apc:auto_generated  ; add_sub_apc ; work         ;
;       |lpm_add_sub:subtractors[2]|    ; 5 (0)               ; 0 (0)                     ; 0           ; 0            ; 0       ; 0         ; 0    ; 0            ; |sqrt|altsqrt:ALTSQRT_component|lpm_add_sub:subtractors[2]                             ; lpm_add_sub ; work         ;
;          |add_sub_bpc:auto_generated| ; 5 (5)               ; 0 (0)                     ; 0           ; 0            ; 0       ; 0         ; 0    ; 0            ; |sqrt|altsqrt:ALTSQRT_component|lpm_add_sub:subtractors[2]|add_sub_bpc:auto_generated  ; add_sub_bpc ; work         ;
;       |lpm_add_sub:subtractors[3]|    ; 7 (0)               ; 0 (0)                     ; 0           ; 0            ; 0       ; 0         ; 0    ; 0            ; |sqrt|altsqrt:ALTSQRT_component|lpm_add_sub:subtractors[3]                             ; lpm_add_sub ; work         ;
;          |add_sub_cpc:auto_generated| ; 7 (7)               ; 0 (0)                     ; 0           ; 0            ; 0       ; 0         ; 0    ; 0            ; |sqrt|altsqrt:ALTSQRT_component|lpm_add_sub:subtractors[3]|add_sub_cpc:auto_generated  ; add_sub_cpc ; work         ;
;       |lpm_add_sub:subtractors[4]|    ; 8 (0)               ; 0 (0)                     ; 0           ; 0            ; 0       ; 0         ; 0    ; 0            ; |sqrt|altsqrt:ALTSQRT_component|lpm_add_sub:subtractors[4]                             ; lpm_add_sub ; work         ;
;          |add_sub_dpc:auto_generated| ; 8 (8)               ; 0 (0)                     ; 0           ; 0            ; 0       ; 0         ; 0    ; 0            ; |sqrt|altsqrt:ALTSQRT_component|lpm_add_sub:subtractors[4]|add_sub_dpc:auto_generated  ; add_sub_dpc ; work         ;
;       |lpm_add_sub:subtractors[5]|    ; 9 (0)               ; 0 (0)                     ; 0           ; 0            ; 0       ; 0         ; 0    ; 0            ; |sqrt|altsqrt:ALTSQRT_component|lpm_add_sub:subtractors[5]                             ; lpm_add_sub ; work         ;
;          |add_sub_epc:auto_generated| ; 9 (9)               ; 0 (0)                     ; 0           ; 0            ; 0       ; 0         ; 0    ; 0            ; |sqrt|altsqrt:ALTSQRT_component|lpm_add_sub:subtractors[5]|add_sub_epc:auto_generated  ; add_sub_epc ; work         ;
;       |lpm_add_sub:subtractors[6]|    ; 10 (0)              ; 0 (0)                     ; 0           ; 0            ; 0       ; 0         ; 0    ; 0            ; |sqrt|altsqrt:ALTSQRT_component|lpm_add_sub:subtractors[6]                             ; lpm_add_sub ; work         ;
;          |add_sub_fpc:auto_generated| ; 10 (10)             ; 0 (0)                     ; 0           ; 0            ; 0       ; 0         ; 0    ; 0            ; |sqrt|altsqrt:ALTSQRT_component|lpm_add_sub:subtractors[6]|add_sub_fpc:auto_generated  ; add_sub_fpc ; work         ;
;       |lpm_add_sub:subtractors[7]|    ; 11 (0)              ; 0 (0)                     ; 0           ; 0            ; 0       ; 0         ; 0    ; 0            ; |sqrt|altsqrt:ALTSQRT_component|lpm_add_sub:subtractors[7]                             ; lpm_add_sub ; work         ;
;          |add_sub_nqc:auto_generated| ; 11 (11)             ; 0 (0)                     ; 0           ; 0            ; 0       ; 0         ; 0    ; 0            ; |sqrt|altsqrt:ALTSQRT_component|lpm_add_sub:subtractors[7]|add_sub_nqc:auto_generated  ; add_sub_nqc ; work         ;
;       |lpm_add_sub:subtractors[8]|    ; 12 (0)              ; 0 (0)                     ; 0           ; 0            ; 0       ; 0         ; 0    ; 0            ; |sqrt|altsqrt:ALTSQRT_component|lpm_add_sub:subtractors[8]                             ; lpm_add_sub ; work         ;
;          |add_sub_oqc:auto_generated| ; 12 (12)             ; 0 (0)                     ; 0           ; 0            ; 0       ; 0         ; 0    ; 0            ; |sqrt|altsqrt:ALTSQRT_component|lpm_add_sub:subtractors[8]|add_sub_oqc:auto_generated  ; add_sub_oqc ; work         ;
;       |lpm_add_sub:subtractors[9]|    ; 13 (0)              ; 0 (0)                     ; 0           ; 0            ; 0       ; 0         ; 0    ; 0            ; |sqrt|altsqrt:ALTSQRT_component|lpm_add_sub:subtractors[9]                             ; lpm_add_sub ; work         ;
;          |add_sub_pqc:auto_generated| ; 13 (13)             ; 0 (0)                     ; 0           ; 0            ; 0       ; 0         ; 0    ; 0            ; |sqrt|altsqrt:ALTSQRT_component|lpm_add_sub:subtractors[9]|add_sub_pqc:auto_generated  ; add_sub_pqc ; work         ;
+---------------------------------------+---------------------+---------------------------+-------------+--------------+---------+-----------+------+--------------+----------------------------------------------------------------------------------------+-------------+--------------+
Note: For table entries with two numbers listed, the numbers in parentheses indicate the number of resources of the given type used by the specific entity alone. The numbers listed outside of parentheses indicate the total resources of the given type used by the specific entity and all of its sub-entities in the hierarchy.


+------------------------------------------------------+
; General Register Statistics                          ;
+----------------------------------------------+-------+
; Statistic                                    ; Value ;
+----------------------------------------------+-------+
; Total registers                              ; 0     ;
; Number of registers using Synchronous Clear  ; 0     ;
; Number of registers using Synchronous Load   ; 0     ;
; Number of registers using Asynchronous Clear ; 0     ;
; Number of registers using Asynchronous Load  ; 0     ;
; Number of registers using Clock Enable       ; 0     ;
; Number of registers using Preset             ; 0     ;
+----------------------------------------------+-------+


+------------------------------------------------------------------+
; Source assignments for altsqrt:ALTSQRT_component|dffpipe:a_delay ;
+---------------------------------+-------+------+-----------------+
; Assignment                      ; Value ; From ; To              ;
+---------------------------------+-------+------+-----------------+
; AUTO_SHIFT_REGISTER_RECOGNITION ; OFF   ; -    ; -               ;
+---------------------------------+-------+------+-----------------+


+---------------------------------------------------------------------+
; Source assignments for altsqrt:ALTSQRT_component|dffpipe:b_dffe[16] ;
+---------------------------------+-------+------+--------------------+
; Assignment                      ; Value ; From ; To                 ;
+---------------------------------+-------+------+--------------------+
; AUTO_SHIFT_REGISTER_RECOGNITION ; OFF   ; -    ; -                  ;
+---------------------------------+-------+------+--------------------+


+---------------------------------------------------------------------+
; Source assignments for altsqrt:ALTSQRT_component|dffpipe:b_dffe[15] ;
+---------------------------------+-------+------+--------------------+
; Assignment                      ; Value ; From ; To                 ;
+---------------------------------+-------+------+--------------------+
; AUTO_SHIFT_REGISTER_RECOGNITION ; OFF   ; -    ; -                  ;
+---------------------------------+-------+------+--------------------+


+---------------------------------------------------------------------+
; Source assignments for altsqrt:ALTSQRT_component|dffpipe:b_dffe[14] ;
+---------------------------------+-------+------+--------------------+
; Assignment                      ; Value ; From ; To                 ;
+---------------------------------+-------+------+--------------------+
; AUTO_SHIFT_REGISTER_RECOGNITION ; OFF   ; -    ; -                  ;
+---------------------------------+-------+------+--------------------+


+---------------------------------------------------------------------+
; Source assignments for altsqrt:ALTSQRT_component|dffpipe:b_dffe[13] ;
+---------------------------------+-------+------+--------------------+
; Assignment                      ; Value ; From ; To                 ;
+---------------------------------+-------+------+--------------------+
; AUTO_SHIFT_REGISTER_RECOGNITION ; OFF   ; -    ; -                  ;
+---------------------------------+-------+------+--------------------+


+---------------------------------------------------------------------+
; Source assignments for altsqrt:ALTSQRT_component|dffpipe:b_dffe[12] ;
+---------------------------------+-------+------+--------------------+
; Assignment                      ; Value ; From ; To                 ;
+---------------------------------+-------+------+--------------------+
; AUTO_SHIFT_REGISTER_RECOGNITION ; OFF   ; -    ; -                  ;
+---------------------------------+-------+------+--------------------+


+---------------------------------------------------------------------+
; Source assignments for altsqrt:ALTSQRT_component|dffpipe:b_dffe[11] ;
+---------------------------------+-------+------+--------------------+
; Assignment                      ; Value ; From ; To                 ;
+---------------------------------+-------+------+--------------------+
; AUTO_SHIFT_REGISTER_RECOGNITION ; OFF   ; -    ; -                  ;
+---------------------------------+-------+------+--------------------+


+---------------------------------------------------------------------+
; Source assignments for altsqrt:ALTSQRT_component|dffpipe:b_dffe[10] ;
+---------------------------------+-------+------+--------------------+
; Assignment                      ; Value ; From ; To                 ;
+---------------------------------+-------+------+--------------------+
; AUTO_SHIFT_REGISTER_RECOGNITION ; OFF   ; -    ; -                  ;
+---------------------------------+-------+------+--------------------+


+--------------------------------------------------------------------+
; Source assignments for altsqrt:ALTSQRT_component|dffpipe:b_dffe[9] ;
+---------------------------------+-------+------+-------------------+
; Assignment                      ; Value ; From ; To                ;
+---------------------------------+-------+------+-------------------+
; AUTO_SHIFT_REGISTER_RECOGNITION ; OFF   ; -    ; -                 ;
+---------------------------------+-------+------+-------------------+


+--------------------------------------------------------------------+
; Source assignments for altsqrt:ALTSQRT_component|dffpipe:b_dffe[8] ;
+---------------------------------+-------+------+-------------------+
; Assignment                      ; Value ; From ; To                ;
+---------------------------------+-------+------+-------------------+
; AUTO_SHIFT_REGISTER_RECOGNITION ; OFF   ; -    ; -                 ;
+---------------------------------+-------+------+-------------------+


+--------------------------------------------------------------------+
; Source assignments for altsqrt:ALTSQRT_component|dffpipe:b_dffe[7] ;
+---------------------------------+-------+------+-------------------+
; Assignment                      ; Value ; From ; To                ;
+---------------------------------+-------+------+-------------------+
; AUTO_SHIFT_REGISTER_RECOGNITION ; OFF   ; -    ; -                 ;
+---------------------------------+-------+------+-------------------+


+--------------------------------------------------------------------+
; Source assignments for altsqrt:ALTSQRT_component|dffpipe:b_dffe[6] ;
+---------------------------------+-------+------+-------------------+
; Assignment                      ; Value ; From ; To                ;
+---------------------------------+-------+------+-------------------+
; AUTO_SHIFT_REGISTER_RECOGNITION ; OFF   ; -    ; -                 ;
+---------------------------------+-------+------+-------------------+


+--------------------------------------------------------------------+
; Source assignments for altsqrt:ALTSQRT_component|dffpipe:b_dffe[5] ;
+---------------------------------+-------+------+-------------------+
; Assignment                      ; Value ; From ; To                ;
+---------------------------------+-------+------+-------------------+
; AUTO_SHIFT_REGISTER_RECOGNITION ; OFF   ; -    ; -                 ;
+---------------------------------+-------+------+-------------------+


+--------------------------------------------------------------------+
; Source assignments for altsqrt:ALTSQRT_component|dffpipe:b_dffe[4] ;
+---------------------------------+-------+------+-------------------+
; Assignment                      ; Value ; From ; To                ;
+---------------------------------+-------+------+-------------------+
; AUTO_SHIFT_REGISTER_RECOGNITION ; OFF   ; -    ; -                 ;
+---------------------------------+-------+------+-------------------+


+--------------------------------------------------------------------+
; Source assignments for altsqrt:ALTSQRT_component|dffpipe:b_dffe[3] ;
+---------------------------------+-------+------+-------------------+
; Assignment                      ; Value ; From ; To                ;
+---------------------------------+-------+------+-------------------+
; AUTO_SHIFT_REGISTER_RECOGNITION ; OFF   ; -    ; -                 ;
+---------------------------------+-------+------+-------------------+


+--------------------------------------------------------------------+
; Source assignments for altsqrt:ALTSQRT_component|dffpipe:b_dffe[2] ;
+---------------------------------+-------+------+-------------------+
; Assignment                      ; Value ; From ; To                ;
+---------------------------------+-------+------+-------------------+
; AUTO_SHIFT_REGISTER_RECOGNITION ; OFF   ; -    ; -                 ;
+---------------------------------+-------+------+-------------------+


+--------------------------------------------------------------------+
; Source assignments for altsqrt:ALTSQRT_component|dffpipe:b_dffe[1] ;
+---------------------------------+-------+------+-------------------+
; Assignment                      ; Value ; From ; To                ;
+---------------------------------+-------+------+-------------------+
; AUTO_SHIFT_REGISTER_RECOGNITION ; OFF   ; -    ; -                 ;
+---------------------------------+-------+------+-------------------+


+--------------------------------------------------------------------+
; Source assignments for altsqrt:ALTSQRT_component|dffpipe:b_dffe[0] ;
+---------------------------------+-------+------+-------------------+
; Assignment                      ; Value ; From ; To                ;
+---------------------------------+-------+------+-------------------+
; AUTO_SHIFT_REGISTER_RECOGNITION ; OFF   ; -    ; -                 ;
+---------------------------------+-------+------+-------------------+


+---------------------------------------------------------------------+
; Source assignments for altsqrt:ALTSQRT_component|dffpipe:r_dffe[16] ;
+---------------------------------+-------+------+--------------------+
; Assignment                      ; Value ; From ; To                 ;
+---------------------------------+-------+------+--------------------+
; AUTO_SHIFT_REGISTER_RECOGNITION ; OFF   ; -    ; -                  ;
+---------------------------------+-------+------+--------------------+


+---------------------------------------------------------------------+
; Source assignments for altsqrt:ALTSQRT_component|dffpipe:r_dffe[15] ;
+---------------------------------+-------+------+--------------------+
; Assignment                      ; Value ; From ; To                 ;
+---------------------------------+-------+------+--------------------+
; AUTO_SHIFT_REGISTER_RECOGNITION ; OFF   ; -    ; -                  ;
+---------------------------------+-------+------+--------------------+


+---------------------------------------------------------------------+
; Source assignments for altsqrt:ALTSQRT_component|dffpipe:r_dffe[14] ;
+---------------------------------+-------+------+--------------------+
; Assignment                      ; Value ; From ; To                 ;
+---------------------------------+-------+------+--------------------+
; AUTO_SHIFT_REGISTER_RECOGNITION ; OFF   ; -    ; -                  ;
+---------------------------------+-------+------+--------------------+


+---------------------------------------------------------------------+
; Source assignments for altsqrt:ALTSQRT_component|dffpipe:r_dffe[13] ;
+---------------------------------+-------+------+--------------------+
; Assignment                      ; Value ; From ; To                 ;
+---------------------------------+-------+------+--------------------+
; AUTO_SHIFT_REGISTER_RECOGNITION ; OFF   ; -    ; -                  ;
+---------------------------------+-------+------+--------------------+


+---------------------------------------------------------------------+
; Source assignments for altsqrt:ALTSQRT_component|dffpipe:r_dffe[12] ;
+---------------------------------+-------+------+--------------------+
; Assignment                      ; Value ; From ; To                 ;
+---------------------------------+-------+------+--------------------+
; AUTO_SHIFT_REGISTER_RECOGNITION ; OFF   ; -    ; -                  ;
+---------------------------------+-------+------+--------------------+


+---------------------------------------------------------------------+
; Source assignments for altsqrt:ALTSQRT_component|dffpipe:r_dffe[11] ;
+---------------------------------+-------+------+--------------------+
; Assignment                      ; Value ; From ; To                 ;
+---------------------------------+-------+------+--------------------+
; AUTO_SHIFT_REGISTER_RECOGNITION ; OFF   ; -    ; -                  ;
+---------------------------------+-------+------+--------------------+


+---------------------------------------------------------------------+
; Source assignments for altsqrt:ALTSQRT_component|dffpipe:r_dffe[10] ;
+---------------------------------+-------+------+--------------------+
; Assignment                      ; Value ; From ; To                 ;
+---------------------------------+-------+------+--------------------+
; AUTO_SHIFT_REGISTER_RECOGNITION ; OFF   ; -    ; -                  ;
+---------------------------------+-------+------+--------------------+


+--------------------------------------------------------------------+
; Source assignments for altsqrt:ALTSQRT_component|dffpipe:r_dffe[9] ;
+---------------------------------+-------+------+-------------------+
; Assignment                      ; Value ; From ; To                ;
+---------------------------------+-------+------+-------------------+
; AUTO_SHIFT_REGISTER_RECOGNITION ; OFF   ; -    ; -                 ;
+---------------------------------+-------+------+-------------------+


+--------------------------------------------------------------------+
; Source assignments for altsqrt:ALTSQRT_component|dffpipe:r_dffe[8] ;
+---------------------------------+-------+------+-------------------+
; Assignment                      ; Value ; From ; To                ;
+---------------------------------+-------+------+-------------------+
; AUTO_SHIFT_REGISTER_RECOGNITION ; OFF   ; -    ; -                 ;
+---------------------------------+-------+------+-------------------+


+--------------------------------------------------------------------+
; Source assignments for altsqrt:ALTSQRT_component|dffpipe:r_dffe[7] ;
+---------------------------------+-------+------+-------------------+
; Assignment                      ; Value ; From ; To                ;
+---------------------------------+-------+------+-------------------+
; AUTO_SHIFT_REGISTER_RECOGNITION ; OFF   ; -    ; -                 ;
+---------------------------------+-------+------+-------------------+


+--------------------------------------------------------------------+
; Source assignments for altsqrt:ALTSQRT_component|dffpipe:r_dffe[6] ;
+---------------------------------+-------+------+-------------------+
; Assignment                      ; Value ; From ; To                ;
+---------------------------------+-------+------+-------------------+
; AUTO_SHIFT_REGISTER_RECOGNITION ; OFF   ; -    ; -                 ;
+---------------------------------+-------+------+-------------------+


+--------------------------------------------------------------------+
; Source assignments for altsqrt:ALTSQRT_component|dffpipe:r_dffe[5] ;
+---------------------------------+-------+------+-------------------+
; Assignment                      ; Value ; From ; To                ;
+---------------------------------+-------+------+-------------------+
; AUTO_SHIFT_REGISTER_RECOGNITION ; OFF   ; -    ; -                 ;
+---------------------------------+-------+------+-------------------+


+--------------------------------------------------------------------+
; Source assignments for altsqrt:ALTSQRT_component|dffpipe:r_dffe[4] ;
+---------------------------------+-------+------+-------------------+
; Assignment                      ; Value ; From ; To                ;
+---------------------------------+-------+------+-------------------+
; AUTO_SHIFT_REGISTER_RECOGNITION ; OFF   ; -    ; -                 ;
+---------------------------------+-------+------+-------------------+


+--------------------------------------------------------------------+
; Source assignments for altsqrt:ALTSQRT_component|dffpipe:r_dffe[3] ;
+---------------------------------+-------+------+-------------------+
; Assignment                      ; Value ; From ; To                ;
+---------------------------------+-------+------+-------------------+
; AUTO_SHIFT_REGISTER_RECOGNITION ; OFF   ; -    ; -                 ;
+---------------------------------+-------+------+-------------------+


+--------------------------------------------------------------------+
; Source assignments for altsqrt:ALTSQRT_component|dffpipe:r_dffe[2] ;
+---------------------------------+-------+------+-------------------+
; Assignment                      ; Value ; From ; To                ;
+---------------------------------+-------+------+-------------------+
; AUTO_SHIFT_REGISTER_RECOGNITION ; OFF   ; -    ; -                 ;
+---------------------------------+-------+------+-------------------+


+--------------------------------------------------------------------+
; Source assignments for altsqrt:ALTSQRT_component|dffpipe:r_dffe[1] ;
+---------------------------------+-------+------+-------------------+
; Assignment                      ; Value ; From ; To                ;
+---------------------------------+-------+------+-------------------+
; AUTO_SHIFT_REGISTER_RECOGNITION ; OFF   ; -    ; -                 ;
+---------------------------------+-------+------+-------------------+


+--------------------------------------------------------------------+
; Source assignments for altsqrt:ALTSQRT_component|dffpipe:r_dffe[0] ;
+---------------------------------+-------+------+-------------------+
; Assignment                      ; Value ; From ; To                ;
+---------------------------------+-------+------+-------------------+
; AUTO_SHIFT_REGISTER_RECOGNITION ; OFF   ; -    ; -                 ;
+---------------------------------+-------+------+-------------------+


+----------------------------------------------------------------------+
; Source assignments for altsqrt:ALTSQRT_component|dffpipe:q_final_dff ;
+---------------------------------+-------+------+---------------------+
; Assignment                      ; Value ; From ; To                  ;
+---------------------------------+-------+------+---------------------+
; AUTO_SHIFT_REGISTER_RECOGNITION ; OFF   ; -    ; -                   ;
+---------------------------------+-------+------+---------------------+


+----------------------------------------------------------------------+
; Source assignments for altsqrt:ALTSQRT_component|dffpipe:r_final_dff ;
+---------------------------------+-------+------+---------------------+
; Assignment                      ; Value ; From ; To                  ;
+---------------------------------+-------+------+---------------------+
; AUTO_SHIFT_REGISTER_RECOGNITION ; OFF   ; -    ; -                   ;
+---------------------------------+-------+------+---------------------+


+------------------------------------------------------------------------+
; Parameter Settings for User Entity Instance: altsqrt:ALTSQRT_component ;
+----------------+-------+-----------------------------------------------+
; Parameter Name ; Value ; Type                                          ;
+----------------+-------+-----------------------------------------------+
; width          ; 33    ; Signed Integer                                ;
; Q_PORT_WIDTH   ; 17    ; Signed Integer                                ;
; R_PORT_WIDTH   ; 18    ; Signed Integer                                ;
; PIPELINE       ; 0     ; Signed Integer                                ;
+----------------+-------+-----------------------------------------------+
Note: In order to hide this table in the UI and the text report file, please set the "Show Parameter Settings in Synthesis Report" option in "Analysis and Synthesis Settings -> More Settings" to "Off".


+-----------------------------------------------------+
; Post-Synthesis Netlist Statistics for Top Partition ;
+-----------------------+-----------------------------+
; Type                  ; Count                       ;
+-----------------------+-----------------------------+
; boundary_port         ; 68                          ;
; cycloneiii_lcell_comb ; 378                         ;
;     arith             ; 179                         ;
;         2 data inputs ; 44                          ;
;         3 data inputs ; 135                         ;
;     normal            ; 199                         ;
;         0 data inputs ; 15                          ;
;         1 data inputs ; 16                          ;
;         2 data inputs ; 15                          ;
;         3 data inputs ; 139                         ;
;         4 data inputs ; 14                          ;
;                       ;                             ;
; Max LUT depth         ; 46.90                       ;
; Average LUT depth     ; 43.06                       ;
+-----------------------+-----------------------------+


+-------------------------------+
; Elapsed Time Per Partition    ;
+----------------+--------------+
; Partition Name ; Elapsed Time ;
+----------------+--------------+
; Top            ; 00:00:00     ;
+----------------+--------------+


+-------------------------------+
; Analysis & Synthesis Messages ;
+-------------------------------+
Info: *******************************************************************
Info: Running Quartus Prime Analysis & Synthesis
    Info: Version 16.1.0 Build 196 10/24/2016 SJ Lite Edition
    Info: Copyright (C) 2016  Intel Corporation. All rights reserved.
    Info: Your use of Intel Corporation's design tools, logic functions 
    Info: and other software and tools, and its AMPP partner logic 
    Info: functions, and any output files from any of the foregoing 
    Info: (including device programming or simulation files), and any 
    Info: associated documentation or information are expressly subject 
    Info: to the terms and conditions of the Intel Program License 
    Info: Subscription Agreement, the Intel Quartus Prime License Agreement,
    Info: the Intel MegaCore Function License Agreement, or other 
    Info: applicable license agreement, including, without limitation, 
    Info: that your use is for the sole purpose of programming logic 
    Info: devices manufactured by Intel and sold by Intel or its 
    Info: authorized distributors.  Please refer to the applicable 
    Info: agreement for further details.
    Info: Processing started: Wed Oct 04 20:34:12 2017
Info: Command: quartus_map sqrt --source=sqrt.vhd --ini=greybox_disable_cut_checks=on --family="Cyclone IV E"
Warning (18236): Number of processors has not been specified which may cause overloading on shared machines.  Set the global assignment NUM_PARALLEL_PROCESSORS in your QSF to an appropriate value for best performance.
Info (20030): Parallel compilation is enabled and will use 4 of the 4 processors detected
Info (12021): Found 2 design units, including 1 entities, in source file sqrt.vhd
    Info (12022): Found design unit 1: sqrt-SYN File: D:/FPGA/DE2_sound/DE2_Audio_FFT/MATH/greybox_tmp/sqrt.vhd Line: 53
    Info (12023): Found entity 1: sqrt File: D:/FPGA/DE2_sound/DE2_Audio_FFT/MATH/greybox_tmp/sqrt.vhd Line: 43
Info (12127): Elaborating entity "sqrt" for the top level hierarchy
Info (12128): Elaborating entity "altsqrt" for hierarchy "altsqrt:ALTSQRT_component" File: D:/FPGA/DE2_sound/DE2_Audio_FFT/MATH/greybox_tmp/sqrt.vhd Line: 79
Info (12130): Elaborated megafunction instantiation "altsqrt:ALTSQRT_component" File: D:/FPGA/DE2_sound/DE2_Audio_FFT/MATH/greybox_tmp/sqrt.vhd Line: 79
Info (12133): Instantiated megafunction "altsqrt:ALTSQRT_component" with the following parameter: File: D:/FPGA/DE2_sound/DE2_Audio_FFT/MATH/greybox_tmp/sqrt.vhd Line: 79
    Info (12134): Parameter "pipeline" = "0"
    Info (12134): Parameter "q_port_width" = "17"
    Info (12134): Parameter "r_port_width" = "18"
    Info (12134): Parameter "width" = "33"
    Info (12134): Parameter "lpm_type" = "ALTSQRT"
Info (12128): Elaborating entity "lpm_add_sub" for hierarchy "altsqrt:ALTSQRT_component|lpm_add_sub:subtractors[16]" File: d:/intelfpga_lite/16.1/quartus/libraries/megafunctions/altsqrt.tdf Line: 91
Info (12131): Elaborated megafunction instantiation "altsqrt:ALTSQRT_component|lpm_add_sub:subtractors[16]", which is child of megafunction instantiation "altsqrt:ALTSQRT_component" File: d:/intelfpga_lite/16.1/quartus/libraries/megafunctions/altsqrt.tdf Line: 91
Info (12021): Found 1 design units, including 1 entities, in source file db/add_sub_0rc.tdf
    Info (12023): Found entity 1: add_sub_0rc File: D:/FPGA/DE2_sound/DE2_Audio_FFT/MATH/greybox_tmp/db/add_sub_0rc.tdf Line: 23
Info (12128): Elaborating entity "add_sub_0rc" for hierarchy "altsqrt:ALTSQRT_component|lpm_add_sub:subtractors[16]|add_sub_0rc:auto_generated" File: d:/intelfpga_lite/16.1/quartus/libraries/megafunctions/lpm_add_sub.tdf Line: 119
Info (12128): Elaborating entity "lpm_add_sub" for hierarchy "altsqrt:ALTSQRT_component|lpm_add_sub:subtractors[15]" File: d:/intelfpga_lite/16.1/quartus/libraries/megafunctions/altsqrt.tdf Line: 91
Info (12131): Elaborated megafunction instantiation "altsqrt:ALTSQRT_component|lpm_add_sub:subtractors[15]", which is child of megafunction instantiation "altsqrt:ALTSQRT_component" File: d:/intelfpga_lite/16.1/quartus/libraries/megafunctions/altsqrt.tdf Line: 91
Info (12021): Found 1 design units, including 1 entities, in source file db/add_sub_vqc.tdf
    Info (12023): Found entity 1: add_sub_vqc File: D:/FPGA/DE2_sound/DE2_Audio_FFT/MATH/greybox_tmp/db/add_sub_vqc.tdf Line: 23
Info (12128): Elaborating entity "add_sub_vqc" for hierarchy "altsqrt:ALTSQRT_component|lpm_add_sub:subtractors[15]|add_sub_vqc:auto_generated" File: d:/intelfpga_lite/16.1/quartus/libraries/megafunctions/lpm_add_sub.tdf Line: 119
Info (12128): Elaborating entity "lpm_add_sub" for hierarchy "altsqrt:ALTSQRT_component|lpm_add_sub:subtractors[14]" File: d:/intelfpga_lite/16.1/quartus/libraries/megafunctions/altsqrt.tdf Line: 91
Info (12131): Elaborated megafunction instantiation "altsqrt:ALTSQRT_component|lpm_add_sub:subtractors[14]", which is child of megafunction instantiation "altsqrt:ALTSQRT_component" File: d:/intelfpga_lite/16.1/quartus/libraries/megafunctions/altsqrt.tdf Line: 91
Info (12021): Found 1 design units, including 1 entities, in source file db/add_sub_uqc.tdf
    Info (12023): Found entity 1: add_sub_uqc File: D:/FPGA/DE2_sound/DE2_Audio_FFT/MATH/greybox_tmp/db/add_sub_uqc.tdf Line: 23
Info (12128): Elaborating entity "add_sub_uqc" for hierarchy "altsqrt:ALTSQRT_component|lpm_add_sub:subtractors[14]|add_sub_uqc:auto_generated" File: d:/intelfpga_lite/16.1/quartus/libraries/megafunctions/lpm_add_sub.tdf Line: 119
Info (12128): Elaborating entity "lpm_add_sub" for hierarchy "altsqrt:ALTSQRT_component|lpm_add_sub:subtractors[13]" File: d:/intelfpga_lite/16.1/quartus/libraries/megafunctions/altsqrt.tdf Line: 91
Info (12131): Elaborated megafunction instantiation "altsqrt:ALTSQRT_component|lpm_add_sub:subtractors[13]", which is child of megafunction instantiation "altsqrt:ALTSQRT_component" File: d:/intelfpga_lite/16.1/quartus/libraries/megafunctions/altsqrt.tdf Line: 91
Info (12021): Found 1 design units, including 1 entities, in source file db/add_sub_tqc.tdf
    Info (12023): Found entity 1: add_sub_tqc File: D:/FPGA/DE2_sound/DE2_Audio_FFT/MATH/greybox_tmp/db/add_sub_tqc.tdf Line: 23
Info (12128): Elaborating entity "add_sub_tqc" for hierarchy "altsqrt:ALTSQRT_component|lpm_add_sub:subtractors[13]|add_sub_tqc:auto_generated" File: d:/intelfpga_lite/16.1/quartus/libraries/megafunctions/lpm_add_sub.tdf Line: 119
Info (12128): Elaborating entity "lpm_add_sub" for hierarchy "altsqrt:ALTSQRT_component|lpm_add_sub:subtractors[12]" File: d:/intelfpga_lite/16.1/quartus/libraries/megafunctions/altsqrt.tdf Line: 91
Info (12131): Elaborated megafunction instantiation "altsqrt:ALTSQRT_component|lpm_add_sub:subtractors[12]", which is child of megafunction instantiation "altsqrt:ALTSQRT_component" File: d:/intelfpga_lite/16.1/quartus/libraries/megafunctions/altsqrt.tdf Line: 91
Info (12021): Found 1 design units, including 1 entities, in source file db/add_sub_sqc.tdf
    Info (12023): Found entity 1: add_sub_sqc File: D:/FPGA/DE2_sound/DE2_Audio_FFT/MATH/greybox_tmp/db/add_sub_sqc.tdf Line: 23
Info (12128): Elaborating entity "add_sub_sqc" for hierarchy "altsqrt:ALTSQRT_component|lpm_add_sub:subtractors[12]|add_sub_sqc:auto_generated" File: d:/intelfpga_lite/16.1/quartus/libraries/megafunctions/lpm_add_sub.tdf Line: 119
Info (12128): Elaborating entity "lpm_add_sub" for hierarchy "altsqrt:ALTSQRT_component|lpm_add_sub:subtractors[11]" File: d:/intelfpga_lite/16.1/quartus/libraries/megafunctions/altsqrt.tdf Line: 91
Info (12131): Elaborated megafunction instantiation "altsqrt:ALTSQRT_component|lpm_add_sub:subtractors[11]", which is child of megafunction instantiation "altsqrt:ALTSQRT_component" File: d:/intelfpga_lite/16.1/quartus/libraries/megafunctions/altsqrt.tdf Line: 91
Info (12021): Found 1 design units, including 1 entities, in source file db/add_sub_rqc.tdf
    Info (12023): Found entity 1: add_sub_rqc File: D:/FPGA/DE2_sound/DE2_Audio_FFT/MATH/greybox_tmp/db/add_sub_rqc.tdf Line: 23
Info (12128): Elaborating entity "add_sub_rqc" for hierarchy "altsqrt:ALTSQRT_component|lpm_add_sub:subtractors[11]|add_sub_rqc:auto_generated" File: d:/intelfpga_lite/16.1/quartus/libraries/megafunctions/lpm_add_sub.tdf Line: 119
Info (12128): Elaborating entity "lpm_add_sub" for hierarchy "altsqrt:ALTSQRT_component|lpm_add_sub:subtractors[10]" File: d:/intelfpga_lite/16.1/quartus/libraries/megafunctions/altsqrt.tdf Line: 91
Info (12131): Elaborated megafunction instantiation "altsqrt:ALTSQRT_component|lpm_add_sub:subtractors[10]", which is child of megafunction instantiation "altsqrt:ALTSQRT_component" File: d:/intelfpga_lite/16.1/quartus/libraries/megafunctions/altsqrt.tdf Line: 91
Info (12021): Found 1 design units, including 1 entities, in source file db/add_sub_qqc.tdf
    Info (12023): Found entity 1: add_sub_qqc File: D:/FPGA/DE2_sound/DE2_Audio_FFT/MATH/greybox_tmp/db/add_sub_qqc.tdf Line: 23
Info (12128): Elaborating entity "add_sub_qqc" for hierarchy "altsqrt:ALTSQRT_component|lpm_add_sub:subtractors[10]|add_sub_qqc:auto_generated" File: d:/intelfpga_lite/16.1/quartus/libraries/megafunctions/lpm_add_sub.tdf Line: 119
Info (12128): Elaborating entity "lpm_add_sub" for hierarchy "altsqrt:ALTSQRT_component|lpm_add_sub:subtractors[9]" File: d:/intelfpga_lite/16.1/quartus/libraries/megafunctions/altsqrt.tdf Line: 91
Info (12131): Elaborated megafunction instantiation "altsqrt:ALTSQRT_component|lpm_add_sub:subtractors[9]", which is child of megafunction instantiation "altsqrt:ALTSQRT_component" File: d:/intelfpga_lite/16.1/quartus/libraries/megafunctions/altsqrt.tdf Line: 91
Info (12021): Found 1 design units, including 1 entities, in source file db/add_sub_pqc.tdf
    Info (12023): Found entity 1: add_sub_pqc File: D:/FPGA/DE2_sound/DE2_Audio_FFT/MATH/greybox_tmp/db/add_sub_pqc.tdf Line: 23
Info (12128): Elaborating entity "add_sub_pqc" for hierarchy "altsqrt:ALTSQRT_component|lpm_add_sub:subtractors[9]|add_sub_pqc:auto_generated" File: d:/intelfpga_lite/16.1/quartus/libraries/megafunctions/lpm_add_sub.tdf Line: 119
Info (12128): Elaborating entity "lpm_add_sub" for hierarchy "altsqrt:ALTSQRT_component|lpm_add_sub:subtractors[8]" File: d:/intelfpga_lite/16.1/quartus/libraries/megafunctions/altsqrt.tdf Line: 91
Info (12131): Elaborated megafunction instantiation "altsqrt:ALTSQRT_component|lpm_add_sub:subtractors[8]", which is child of megafunction instantiation "altsqrt:ALTSQRT_component" File: d:/intelfpga_lite/16.1/quartus/libraries/megafunctions/altsqrt.tdf Line: 91
Info (12021): Found 1 design units, including 1 entities, in source file db/add_sub_oqc.tdf
    Info (12023): Found entity 1: add_sub_oqc File: D:/FPGA/DE2_sound/DE2_Audio_FFT/MATH/greybox_tmp/db/add_sub_oqc.tdf Line: 23
Info (12128): Elaborating entity "add_sub_oqc" for hierarchy "altsqrt:ALTSQRT_component|lpm_add_sub:subtractors[8]|add_sub_oqc:auto_generated" File: d:/intelfpga_lite/16.1/quartus/libraries/megafunctions/lpm_add_sub.tdf Line: 119
Info (12128): Elaborating entity "lpm_add_sub" for hierarchy "altsqrt:ALTSQRT_component|lpm_add_sub:subtractors[7]" File: d:/intelfpga_lite/16.1/quartus/libraries/megafunctions/altsqrt.tdf Line: 91
Info (12131): Elaborated megafunction instantiation "altsqrt:ALTSQRT_component|lpm_add_sub:subtractors[7]", which is child of megafunction instantiation "altsqrt:ALTSQRT_component" File: d:/intelfpga_lite/16.1/quartus/libraries/megafunctions/altsqrt.tdf Line: 91
Info (12021): Found 1 design units, including 1 entities, in source file db/add_sub_nqc.tdf
    Info (12023): Found entity 1: add_sub_nqc File: D:/FPGA/DE2_sound/DE2_Audio_FFT/MATH/greybox_tmp/db/add_sub_nqc.tdf Line: 23
Info (12128): Elaborating entity "add_sub_nqc" for hierarchy "altsqrt:ALTSQRT_component|lpm_add_sub:subtractors[7]|add_sub_nqc:auto_generated" File: d:/intelfpga_lite/16.1/quartus/libraries/megafunctions/lpm_add_sub.tdf Line: 119
Info (12128): Elaborating entity "lpm_add_sub" for hierarchy "altsqrt:ALTSQRT_component|lpm_add_sub:subtractors[6]" File: d:/intelfpga_lite/16.1/quartus/libraries/megafunctions/altsqrt.tdf Line: 91
Info (12131): Elaborated megafunction instantiation "altsqrt:ALTSQRT_component|lpm_add_sub:subtractors[6]", which is child of megafunction instantiation "altsqrt:ALTSQRT_component" File: d:/intelfpga_lite/16.1/quartus/libraries/megafunctions/altsqrt.tdf Line: 91
Info (12021): Found 1 design units, including 1 entities, in source file db/add_sub_fpc.tdf
    Info (12023): Found entity 1: add_sub_fpc File: D:/FPGA/DE2_sound/DE2_Audio_FFT/MATH/greybox_tmp/db/add_sub_fpc.tdf Line: 23
Info (12128): Elaborating entity "add_sub_fpc" for hierarchy "altsqrt:ALTSQRT_component|lpm_add_sub:subtractors[6]|add_sub_fpc:auto_generated" File: d:/intelfpga_lite/16.1/quartus/libraries/megafunctions/lpm_add_sub.tdf Line: 119
Info (12128): Elaborating entity "lpm_add_sub" for hierarchy "altsqrt:ALTSQRT_component|lpm_add_sub:subtractors[5]" File: d:/intelfpga_lite/16.1/quartus/libraries/megafunctions/altsqrt.tdf Line: 91
Info (12131): Elaborated megafunction instantiation "altsqrt:ALTSQRT_component|lpm_add_sub:subtractors[5]", which is child of megafunction instantiation "altsqrt:ALTSQRT_component" File: d:/intelfpga_lite/16.1/quartus/libraries/megafunctions/altsqrt.tdf Line: 91
Info (12021): Found 1 design units, including 1 entities, in source file db/add_sub_epc.tdf
    Info (12023): Found entity 1: add_sub_epc File: D:/FPGA/DE2_sound/DE2_Audio_FFT/MATH/greybox_tmp/db/add_sub_epc.tdf Line: 23
Info (12128): Elaborating entity "add_sub_epc" for hierarchy "altsqrt:ALTSQRT_component|lpm_add_sub:subtractors[5]|add_sub_epc:auto_generated" File: d:/intelfpga_lite/16.1/quartus/libraries/megafunctions/lpm_add_sub.tdf Line: 119
Info (12128): Elaborating entity "lpm_add_sub" for hierarchy "altsqrt:ALTSQRT_component|lpm_add_sub:subtractors[4]" File: d:/intelfpga_lite/16.1/quartus/libraries/megafunctions/altsqrt.tdf Line: 91
Info (12131): Elaborated megafunction instantiation "altsqrt:ALTSQRT_component|lpm_add_sub:subtractors[4]", which is child of megafunction instantiation "altsqrt:ALTSQRT_component" File: d:/intelfpga_lite/16.1/quartus/libraries/megafunctions/altsqrt.tdf Line: 91
Info (12021): Found 1 design units, including 1 entities, in source file db/add_sub_dpc.tdf
    Info (12023): Found entity 1: add_sub_dpc File: D:/FPGA/DE2_sound/DE2_Audio_FFT/MATH/greybox_tmp/db/add_sub_dpc.tdf Line: 23
Info (12128): Elaborating entity "add_sub_dpc" for hierarchy "altsqrt:ALTSQRT_component|lpm_add_sub:subtractors[4]|add_sub_dpc:auto_generated" File: d:/intelfpga_lite/16.1/quartus/libraries/megafunctions/lpm_add_sub.tdf Line: 119
Info (12128): Elaborating entity "lpm_add_sub" for hierarchy "altsqrt:ALTSQRT_component|lpm_add_sub:subtractors[3]" File: d:/intelfpga_lite/16.1/quartus/libraries/megafunctions/altsqrt.tdf Line: 91
Info (12131): Elaborated megafunction instantiation "altsqrt:ALTSQRT_component|lpm_add_sub:subtractors[3]", which is child of megafunction instantiation "altsqrt:ALTSQRT_component" File: d:/intelfpga_lite/16.1/quartus/libraries/megafunctions/altsqrt.tdf Line: 91
Info (12021): Found 1 design units, including 1 entities, in source file db/add_sub_cpc.tdf
    Info (12023): Found entity 1: add_sub_cpc File: D:/FPGA/DE2_sound/DE2_Audio_FFT/MATH/greybox_tmp/db/add_sub_cpc.tdf Line: 23
Info (12128): Elaborating entity "add_sub_cpc" for hierarchy "altsqrt:ALTSQRT_component|lpm_add_sub:subtractors[3]|add_sub_cpc:auto_generated" File: d:/intelfpga_lite/16.1/quartus/libraries/megafunctions/lpm_add_sub.tdf Line: 119
Info (12128): Elaborating entity "lpm_add_sub" for hierarchy "altsqrt:ALTSQRT_component|lpm_add_sub:subtractors[2]" File: d:/intelfpga_lite/16.1/quartus/libraries/megafunctions/altsqrt.tdf Line: 91
Info (12131): Elaborated megafunction instantiation "altsqrt:ALTSQRT_component|lpm_add_sub:subtractors[2]", which is child of megafunction instantiation "altsqrt:ALTSQRT_component" File: d:/intelfpga_lite/16.1/quartus/libraries/megafunctions/altsqrt.tdf Line: 91
Info (12021): Found 1 design units, including 1 entities, in source file db/add_sub_bpc.tdf
    Info (12023): Found entity 1: add_sub_bpc File: D:/FPGA/DE2_sound/DE2_Audio_FFT/MATH/greybox_tmp/db/add_sub_bpc.tdf Line: 23
Info (12128): Elaborating entity "add_sub_bpc" for hierarchy "altsqrt:ALTSQRT_component|lpm_add_sub:subtractors[2]|add_sub_bpc:auto_generated" File: d:/intelfpga_lite/16.1/quartus/libraries/megafunctions/lpm_add_sub.tdf Line: 119
Info (12128): Elaborating entity "lpm_add_sub" for hierarchy "altsqrt:ALTSQRT_component|lpm_add_sub:subtractors[1]" File: d:/intelfpga_lite/16.1/quartus/libraries/megafunctions/altsqrt.tdf Line: 91
Info (12131): Elaborated megafunction instantiation "altsqrt:ALTSQRT_component|lpm_add_sub:subtractors[1]", which is child of megafunction instantiation "altsqrt:ALTSQRT_component" File: d:/intelfpga_lite/16.1/quartus/libraries/megafunctions/altsqrt.tdf Line: 91
Info (12021): Found 1 design units, including 1 entities, in source file db/add_sub_apc.tdf
    Info (12023): Found entity 1: add_sub_apc File: D:/FPGA/DE2_sound/DE2_Audio_FFT/MATH/greybox_tmp/db/add_sub_apc.tdf Line: 23
Info (12128): Elaborating entity "add_sub_apc" for hierarchy "altsqrt:ALTSQRT_component|lpm_add_sub:subtractors[1]|add_sub_apc:auto_generated" File: d:/intelfpga_lite/16.1/quartus/libraries/megafunctions/lpm_add_sub.tdf Line: 119
Info (12128): Elaborating entity "lpm_add_sub" for hierarchy "altsqrt:ALTSQRT_component|lpm_add_sub:subtractors[0]" File: d:/intelfpga_lite/16.1/quartus/libraries/megafunctions/altsqrt.tdf Line: 91
Info (12131): Elaborated megafunction instantiation "altsqrt:ALTSQRT_component|lpm_add_sub:subtractors[0]", which is child of megafunction instantiation "altsqrt:ALTSQRT_component" File: d:/intelfpga_lite/16.1/quartus/libraries/megafunctions/altsqrt.tdf Line: 91
Info (12021): Found 1 design units, including 1 entities, in source file db/add_sub_8pc.tdf
    Info (12023): Found entity 1: add_sub_8pc File: D:/FPGA/DE2_sound/DE2_Audio_FFT/MATH/greybox_tmp/db/add_sub_8pc.tdf Line: 23
Info (12128): Elaborating entity "add_sub_8pc" for hierarchy "altsqrt:ALTSQRT_component|lpm_add_sub:subtractors[0]|add_sub_8pc:auto_generated" File: d:/intelfpga_lite/16.1/quartus/libraries/megafunctions/lpm_add_sub.tdf Line: 119
Info (12128): Elaborating entity "dffpipe" for hierarchy "altsqrt:ALTSQRT_component|dffpipe:a_delay" File: d:/intelfpga_lite/16.1/quartus/libraries/megafunctions/altsqrt.tdf Line: 100
Info (12131): Elaborated megafunction instantiation "altsqrt:ALTSQRT_component|dffpipe:a_delay", which is child of megafunction instantiation "altsqrt:ALTSQRT_component" File: d:/intelfpga_lite/16.1/quartus/libraries/megafunctions/altsqrt.tdf Line: 100
Info (12128): Elaborating entity "dffpipe" for hierarchy "altsqrt:ALTSQRT_component|dffpipe:b_dffe[16]" File: d:/intelfpga_lite/16.1/quartus/libraries/megafunctions/altsqrt.tdf Line: 108
Info (12131): Elaborated megafunction instantiation "altsqrt:ALTSQRT_component|dffpipe:b_dffe[16]", which is child of megafunction instantiation "altsqrt:ALTSQRT_component" File: d:/intelfpga_lite/16.1/quartus/libraries/megafunctions/altsqrt.tdf Line: 108
Info (12128): Elaborating entity "dffpipe" for hierarchy "altsqrt:ALTSQRT_component|dffpipe:b_dffe[15]" File: d:/intelfpga_lite/16.1/quartus/libraries/megafunctions/altsqrt.tdf Line: 108
Info (12131): Elaborated megafunction instantiation "altsqrt:ALTSQRT_component|dffpipe:b_dffe[15]", which is child of megafunction instantiation "altsqrt:ALTSQRT_component" File: d:/intelfpga_lite/16.1/quartus/libraries/megafunctions/altsqrt.tdf Line: 108
Info (12128): Elaborating entity "dffpipe" for hierarchy "altsqrt:ALTSQRT_component|dffpipe:b_dffe[14]" File: d:/intelfpga_lite/16.1/quartus/libraries/megafunctions/altsqrt.tdf Line: 108
Info (12131): Elaborated megafunction instantiation "altsqrt:ALTSQRT_component|dffpipe:b_dffe[14]", which is child of megafunction instantiation "altsqrt:ALTSQRT_component" File: d:/intelfpga_lite/16.1/quartus/libraries/megafunctions/altsqrt.tdf Line: 108
Info (12128): Elaborating entity "dffpipe" for hierarchy "altsqrt:ALTSQRT_component|dffpipe:b_dffe[13]" File: d:/intelfpga_lite/16.1/quartus/libraries/megafunctions/altsqrt.tdf Line: 108
Info (12131): Elaborated megafunction instantiation "altsqrt:ALTSQRT_component|dffpipe:b_dffe[13]", which is child of megafunction instantiation "altsqrt:ALTSQRT_component" File: d:/intelfpga_lite/16.1/quartus/libraries/megafunctions/altsqrt.tdf Line: 108
Info (12128): Elaborating entity "dffpipe" for hierarchy "altsqrt:ALTSQRT_component|dffpipe:b_dffe[12]" File: d:/intelfpga_lite/16.1/quartus/libraries/megafunctions/altsqrt.tdf Line: 108
Info (12131): Elaborated megafunction instantiation "altsqrt:ALTSQRT_component|dffpipe:b_dffe[12]", which is child of megafunction instantiation "altsqrt:ALTSQRT_component" File: d:/intelfpga_lite/16.1/quartus/libraries/megafunctions/altsqrt.tdf Line: 108
Info (12128): Elaborating entity "dffpipe" for hierarchy "altsqrt:ALTSQRT_component|dffpipe:b_dffe[11]" File: d:/intelfpga_lite/16.1/quartus/libraries/megafunctions/altsqrt.tdf Line: 108
Info (12131): Elaborated megafunction instantiation "altsqrt:ALTSQRT_component|dffpipe:b_dffe[11]", which is child of megafunction instantiation "altsqrt:ALTSQRT_component" File: d:/intelfpga_lite/16.1/quartus/libraries/megafunctions/altsqrt.tdf Line: 108
Info (12128): Elaborating entity "dffpipe" for hierarchy "altsqrt:ALTSQRT_component|dffpipe:b_dffe[10]" File: d:/intelfpga_lite/16.1/quartus/libraries/megafunctions/altsqrt.tdf Line: 108
Info (12131): Elaborated megafunction instantiation "altsqrt:ALTSQRT_component|dffpipe:b_dffe[10]", which is child of megafunction instantiation "altsqrt:ALTSQRT_component" File: d:/intelfpga_lite/16.1/quartus/libraries/megafunctions/altsqrt.tdf Line: 108
Info (12128): Elaborating entity "dffpipe" for hierarchy "altsqrt:ALTSQRT_component|dffpipe:b_dffe[9]" File: d:/intelfpga_lite/16.1/quartus/libraries/megafunctions/altsqrt.tdf Line: 108
Info (12131): Elaborated megafunction instantiation "altsqrt:ALTSQRT_component|dffpipe:b_dffe[9]", which is child of megafunction instantiation "altsqrt:ALTSQRT_component" File: d:/intelfpga_lite/16.1/quartus/libraries/megafunctions/altsqrt.tdf Line: 108
Info (12128): Elaborating entity "dffpipe" for hierarchy "altsqrt:ALTSQRT_component|dffpipe:b_dffe[8]" File: d:/intelfpga_lite/16.1/quartus/libraries/megafunctions/altsqrt.tdf Line: 108
Info (12131): Elaborated megafunction instantiation "altsqrt:ALTSQRT_component|dffpipe:b_dffe[8]", which is child of megafunction instantiation "altsqrt:ALTSQRT_component" File: d:/intelfpga_lite/16.1/quartus/libraries/megafunctions/altsqrt.tdf Line: 108
Info (12128): Elaborating entity "dffpipe" for hierarchy "altsqrt:ALTSQRT_component|dffpipe:b_dffe[7]" File: d:/intelfpga_lite/16.1/quartus/libraries/megafunctions/altsqrt.tdf Line: 108
Info (12131): Elaborated megafunction instantiation "altsqrt:ALTSQRT_component|dffpipe:b_dffe[7]", which is child of megafunction instantiation "altsqrt:ALTSQRT_component" File: d:/intelfpga_lite/16.1/quartus/libraries/megafunctions/altsqrt.tdf Line: 108
Info (12128): Elaborating entity "dffpipe" for hierarchy "altsqrt:ALTSQRT_component|dffpipe:b_dffe[6]" File: d:/intelfpga_lite/16.1/quartus/libraries/megafunctions/altsqrt.tdf Line: 108
Info (12131): Elaborated megafunction instantiation "altsqrt:ALTSQRT_component|dffpipe:b_dffe[6]", which is child of megafunction instantiation "altsqrt:ALTSQRT_component" File: d:/intelfpga_lite/16.1/quartus/libraries/megafunctions/altsqrt.tdf Line: 108
Info (12128): Elaborating entity "dffpipe" for hierarchy "altsqrt:ALTSQRT_component|dffpipe:b_dffe[5]" File: d:/intelfpga_lite/16.1/quartus/libraries/megafunctions/altsqrt.tdf Line: 108
Info (12131): Elaborated megafunction instantiation "altsqrt:ALTSQRT_component|dffpipe:b_dffe[5]", which is child of megafunction instantiation "altsqrt:ALTSQRT_component" File: d:/intelfpga_lite/16.1/quartus/libraries/megafunctions/altsqrt.tdf Line: 108
Info (12128): Elaborating entity "dffpipe" for hierarchy "altsqrt:ALTSQRT_component|dffpipe:b_dffe[4]" File: d:/intelfpga_lite/16.1/quartus/libraries/megafunctions/altsqrt.tdf Line: 108
Info (12131): Elaborated megafunction instantiation "altsqrt:ALTSQRT_component|dffpipe:b_dffe[4]", which is child of megafunction instantiation "altsqrt:ALTSQRT_component" File: d:/intelfpga_lite/16.1/quartus/libraries/megafunctions/altsqrt.tdf Line: 108
Info (12128): Elaborating entity "dffpipe" for hierarchy "altsqrt:ALTSQRT_component|dffpipe:b_dffe[3]" File: d:/intelfpga_lite/16.1/quartus/libraries/megafunctions/altsqrt.tdf Line: 108
Info (12131): Elaborated megafunction instantiation "altsqrt:ALTSQRT_component|dffpipe:b_dffe[3]", which is child of megafunction instantiation "altsqrt:ALTSQRT_component" File: d:/intelfpga_lite/16.1/quartus/libraries/megafunctions/altsqrt.tdf Line: 108
Info (12128): Elaborating entity "dffpipe" for hierarchy "altsqrt:ALTSQRT_component|dffpipe:b_dffe[2]" File: d:/intelfpga_lite/16.1/quartus/libraries/megafunctions/altsqrt.tdf Line: 108
Info (12131): Elaborated megafunction instantiation "altsqrt:ALTSQRT_component|dffpipe:b_dffe[2]", which is child of megafunction instantiation "altsqrt:ALTSQRT_component" File: d:/intelfpga_lite/16.1/quartus/libraries/megafunctions/altsqrt.tdf Line: 108
Info (12128): Elaborating entity "dffpipe" for hierarchy "altsqrt:ALTSQRT_component|dffpipe:b_dffe[1]" File: d:/intelfpga_lite/16.1/quartus/libraries/megafunctions/altsqrt.tdf Line: 108
Info (12131): Elaborated megafunction instantiation "altsqrt:ALTSQRT_component|dffpipe:b_dffe[1]", which is child of megafunction instantiation "altsqrt:ALTSQRT_component" File: d:/intelfpga_lite/16.1/quartus/libraries/megafunctions/altsqrt.tdf Line: 108
Info (12128): Elaborating entity "dffpipe" for hierarchy "altsqrt:ALTSQRT_component|dffpipe:b_dffe[0]" File: d:/intelfpga_lite/16.1/quartus/libraries/megafunctions/altsqrt.tdf Line: 108
Info (12131): Elaborated megafunction instantiation "altsqrt:ALTSQRT_component|dffpipe:b_dffe[0]", which is child of megafunction instantiation "altsqrt:ALTSQRT_component" File: d:/intelfpga_lite/16.1/quartus/libraries/megafunctions/altsqrt.tdf Line: 108
Info (12128): Elaborating entity "dffpipe" for hierarchy "altsqrt:ALTSQRT_component|dffpipe:r_dffe[16]" File: d:/intelfpga_lite/16.1/quartus/libraries/megafunctions/altsqrt.tdf Line: 114
Info (12131): Elaborated megafunction instantiation "altsqrt:ALTSQRT_component|dffpipe:r_dffe[16]", which is child of megafunction instantiation "altsqrt:ALTSQRT_component" File: d:/intelfpga_lite/16.1/quartus/libraries/megafunctions/altsqrt.tdf Line: 114
Info (12128): Elaborating entity "dffpipe" for hierarchy "altsqrt:ALTSQRT_component|dffpipe:r_dffe[15]" File: d:/intelfpga_lite/16.1/quartus/libraries/megafunctions/altsqrt.tdf Line: 114
Info (12131): Elaborated megafunction instantiation "altsqrt:ALTSQRT_component|dffpipe:r_dffe[15]", which is child of megafunction instantiation "altsqrt:ALTSQRT_component" File: d:/intelfpga_lite/16.1/quartus/libraries/megafunctions/altsqrt.tdf Line: 114
Info (12128): Elaborating entity "dffpipe" for hierarchy "altsqrt:ALTSQRT_component|dffpipe:r_dffe[14]" File: d:/intelfpga_lite/16.1/quartus/libraries/megafunctions/altsqrt.tdf Line: 114
Info (12131): Elaborated megafunction instantiation "altsqrt:ALTSQRT_component|dffpipe:r_dffe[14]", which is child of megafunction instantiation "altsqrt:ALTSQRT_component" File: d:/intelfpga_lite/16.1/quartus/libraries/megafunctions/altsqrt.tdf Line: 114
Info (12128): Elaborating entity "dffpipe" for hierarchy "altsqrt:ALTSQRT_component|dffpipe:r_dffe[13]" File: d:/intelfpga_lite/16.1/quartus/libraries/megafunctions/altsqrt.tdf Line: 114
Info (12131): Elaborated megafunction instantiation "altsqrt:ALTSQRT_component|dffpipe:r_dffe[13]", which is child of megafunction instantiation "altsqrt:ALTSQRT_component" File: d:/intelfpga_lite/16.1/quartus/libraries/megafunctions/altsqrt.tdf Line: 114
Info (12128): Elaborating entity "dffpipe" for hierarchy "altsqrt:ALTSQRT_component|dffpipe:r_dffe[12]" File: d:/intelfpga_lite/16.1/quartus/libraries/megafunctions/altsqrt.tdf Line: 114
Info (12131): Elaborated megafunction instantiation "altsqrt:ALTSQRT_component|dffpipe:r_dffe[12]", which is child of megafunction instantiation "altsqrt:ALTSQRT_component" File: d:/intelfpga_lite/16.1/quartus/libraries/megafunctions/altsqrt.tdf Line: 114
Info (12128): Elaborating entity "dffpipe" for hierarchy "altsqrt:ALTSQRT_component|dffpipe:r_dffe[11]" File: d:/intelfpga_lite/16.1/quartus/libraries/megafunctions/altsqrt.tdf Line: 114
Info (12131): Elaborated megafunction instantiation "altsqrt:ALTSQRT_component|dffpipe:r_dffe[11]", which is child of megafunction instantiation "altsqrt:ALTSQRT_component" File: d:/intelfpga_lite/16.1/quartus/libraries/megafunctions/altsqrt.tdf Line: 114
Info (12128): Elaborating entity "dffpipe" for hierarchy "altsqrt:ALTSQRT_component|dffpipe:r_dffe[10]" File: d:/intelfpga_lite/16.1/quartus/libraries/megafunctions/altsqrt.tdf Line: 114
Info (12131): Elaborated megafunction instantiation "altsqrt:ALTSQRT_component|dffpipe:r_dffe[10]", which is child of megafunction instantiation "altsqrt:ALTSQRT_component" File: d:/intelfpga_lite/16.1/quartus/libraries/megafunctions/altsqrt.tdf Line: 114
Info (12128): Elaborating entity "dffpipe" for hierarchy "altsqrt:ALTSQRT_component|dffpipe:r_dffe[9]" File: d:/intelfpga_lite/16.1/quartus/libraries/megafunctions/altsqrt.tdf Line: 114
Info (12131): Elaborated megafunction instantiation "altsqrt:ALTSQRT_component|dffpipe:r_dffe[9]", which is child of megafunction instantiation "altsqrt:ALTSQRT_component" File: d:/intelfpga_lite/16.1/quartus/libraries/megafunctions/altsqrt.tdf Line: 114
Info (12128): Elaborating entity "dffpipe" for hierarchy "altsqrt:ALTSQRT_component|dffpipe:r_dffe[8]" File: d:/intelfpga_lite/16.1/quartus/libraries/megafunctions/altsqrt.tdf Line: 114
Info (12131): Elaborated megafunction instantiation "altsqrt:ALTSQRT_component|dffpipe:r_dffe[8]", which is child of megafunction instantiation "altsqrt:ALTSQRT_component" File: d:/intelfpga_lite/16.1/quartus/libraries/megafunctions/altsqrt.tdf Line: 114
Info (12128): Elaborating entity "dffpipe" for hierarchy "altsqrt:ALTSQRT_component|dffpipe:r_dffe[7]" File: d:/intelfpga_lite/16.1/quartus/libraries/megafunctions/altsqrt.tdf Line: 114
Info (12131): Elaborated megafunction instantiation "altsqrt:ALTSQRT_component|dffpipe:r_dffe[7]", which is child of megafunction instantiation "altsqrt:ALTSQRT_component" File: d:/intelfpga_lite/16.1/quartus/libraries/megafunctions/altsqrt.tdf Line: 114
Info (12128): Elaborating entity "dffpipe" for hierarchy "altsqrt:ALTSQRT_component|dffpipe:r_dffe[6]" File: d:/intelfpga_lite/16.1/quartus/libraries/megafunctions/altsqrt.tdf Line: 114
Info (12131): Elaborated megafunction instantiation "altsqrt:ALTSQRT_component|dffpipe:r_dffe[6]", which is child of megafunction instantiation "altsqrt:ALTSQRT_component" File: d:/intelfpga_lite/16.1/quartus/libraries/megafunctions/altsqrt.tdf Line: 114
Info (12128): Elaborating entity "dffpipe" for hierarchy "altsqrt:ALTSQRT_component|dffpipe:r_dffe[5]" File: d:/intelfpga_lite/16.1/quartus/libraries/megafunctions/altsqrt.tdf Line: 114
Info (12131): Elaborated megafunction instantiation "altsqrt:ALTSQRT_component|dffpipe:r_dffe[5]", which is child of megafunction instantiation "altsqrt:ALTSQRT_component" File: d:/intelfpga_lite/16.1/quartus/libraries/megafunctions/altsqrt.tdf Line: 114
Info (12128): Elaborating entity "dffpipe" for hierarchy "altsqrt:ALTSQRT_component|dffpipe:r_dffe[4]" File: d:/intelfpga_lite/16.1/quartus/libraries/megafunctions/altsqrt.tdf Line: 114
Info (12131): Elaborated megafunction instantiation "altsqrt:ALTSQRT_component|dffpipe:r_dffe[4]", which is child of megafunction instantiation "altsqrt:ALTSQRT_component" File: d:/intelfpga_lite/16.1/quartus/libraries/megafunctions/altsqrt.tdf Line: 114
Info (12128): Elaborating entity "dffpipe" for hierarchy "altsqrt:ALTSQRT_component|dffpipe:r_dffe[3]" File: d:/intelfpga_lite/16.1/quartus/libraries/megafunctions/altsqrt.tdf Line: 114
Info (12131): Elaborated megafunction instantiation "altsqrt:ALTSQRT_component|dffpipe:r_dffe[3]", which is child of megafunction instantiation "altsqrt:ALTSQRT_component" File: d:/intelfpga_lite/16.1/quartus/libraries/megafunctions/altsqrt.tdf Line: 114
Info (12128): Elaborating entity "dffpipe" for hierarchy "altsqrt:ALTSQRT_component|dffpipe:r_dffe[2]" File: d:/intelfpga_lite/16.1/quartus/libraries/megafunctions/altsqrt.tdf Line: 114
Info (12131): Elaborated megafunction instantiation "altsqrt:ALTSQRT_component|dffpipe:r_dffe[2]", which is child of megafunction instantiation "altsqrt:ALTSQRT_component" File: d:/intelfpga_lite/16.1/quartus/libraries/megafunctions/altsqrt.tdf Line: 114
Info (12128): Elaborating entity "dffpipe" for hierarchy "altsqrt:ALTSQRT_component|dffpipe:r_dffe[1]" File: d:/intelfpga_lite/16.1/quartus/libraries/megafunctions/altsqrt.tdf Line: 114
Info (12131): Elaborated megafunction instantiation "altsqrt:ALTSQRT_component|dffpipe:r_dffe[1]", which is child of megafunction instantiation "altsqrt:ALTSQRT_component" File: d:/intelfpga_lite/16.1/quartus/libraries/megafunctions/altsqrt.tdf Line: 114
Info (12128): Elaborating entity "dffpipe" for hierarchy "altsqrt:ALTSQRT_component|dffpipe:r_dffe[0]" File: d:/intelfpga_lite/16.1/quartus/libraries/megafunctions/altsqrt.tdf Line: 114
Info (12131): Elaborated megafunction instantiation "altsqrt:ALTSQRT_component|dffpipe:r_dffe[0]", which is child of megafunction instantiation "altsqrt:ALTSQRT_component" File: d:/intelfpga_lite/16.1/quartus/libraries/megafunctions/altsqrt.tdf Line: 114
Info (13014): Ignored 17 buffer(s)
    Info (13016): Ignored 17 CARRY_SUM buffer(s)
Info (286030): Timing-Driven Synthesis is running
Info (16010): Generating hard_block partition "hard_block:auto_generated_inst"
    Info (16011): Adding 0 node(s), including 0 DDIO, 0 PLL, 0 transceiver and 0 LCELL
Info (21057): Implemented 430 device resources after synthesis - the final resource count might be different
    Info (21058): Implemented 33 input pins
    Info (21059): Implemented 35 output pins
    Info (21061): Implemented 362 logic cells
Info: Quartus Prime Analysis & Synthesis was successful. 0 errors, 1 warning
    Info: Peak virtual memory: 671 megabytes
    Info: Processing ended: Wed Oct 04 20:34:22 2017
    Info: Elapsed time: 00:00:10
    Info: Total CPU time (on all processors): 00:00:20


